// Jest Snapshot v1, https://goo.gl/fbAQLP

exports[`Library Functions show writes to output 1`] = `""`;
