// Jest Snapshot v1, https://goo.gl/fbAQLP

exports[`Web Component initialize 1`] = `"<b>Title</b>"`;

exports[`Web Component set attribute 1`] = `"<b>This is my excellent title.</b>"`;
