// Jest Snapshot v1, https://goo.gl/fbAQLP

exports[`Application clicking an item loads its details 1`] = `"Peter Smith"`;

exports[`Application initialize 1`] = `"Only absolute URLs are supported"`;

exports[`Application initialize 2`] = `""`;
