// Jest Snapshot v1, https://goo.gl/fbAQLP

exports[`Application initialize 1`] = `""`;
